音频验收：127.0.0.1:7008

【1/6】引擎、烘焙与装配
   boot 合计 1150ms（音频烘焙阶段 6ms） · 烘焙 2275ms/28 个资产 · arm 1253ms×1
   engine ready=true sources=28 · 装配好的层 4/4 · voices=4 · out L/R=0.02522096410393715/0.0301329605281353
  ✓ 音频引擎已初始化
  ✓ 已起播
  ✓ 烘焙完成且没有失败  —— assets=28 failures=0
  ✓ 四层环境音全部装配完成  —— preparedLayers=4
  ✓ 烘焙不在启动的同步路径上（那一阶段应当接近 0）  —— 6ms
  ✓ 引擎没有报告错误

【2/6】真的在出声 + 声部预算
   引擎时钟 +1439ms · 活跃声部 4 · 输出 L/R 0.020181816071271896/0.024124082177877426
  ✓ 引擎时钟在推进（音频设备真的在跑）  —— 42887 → 44326
  ✓ 左右声道都有实测输出（不是哑的）  —— L+R=0.0443
  ✓ 声部数在预算内（河/风各只占当面档位，不是每层全档常驻）  —— voices=4

【3/6】分层严格跟随天气（"不该响的绝不出声"）
   clear   target 河=0.048 雨=0.000 风=0.111 夜=0.000  |  applied 河=0.024 雨=0.000 风=0.050 夜=0.000  | 距河 29.7m 急缓 0.30
  ✓ clear：雨层必须完全静音  —— target=0.000 applied=0.000 playing=false
  ✓ clear：夜层必须完全静音  —— target=0.000 applied=0.000
  ✓ clear：河层始终可有声（河一直在那里）  —— target=0.048
  ✓ clear：风层始终留一点底噪  —— target=0.111
   cloudy  target 河=0.048 雨=0.000 风=0.118 夜=0.000  |  applied 河=0.024 雨=0.000 风=0.050 夜=0.000  | 距河 29.7m 急缓 0.30
  ✓ cloudy：雨层必须完全静音  —— target=0.000 applied=0.000 playing=false
  ✓ cloudy：夜层必须完全静音  —— target=0.000 applied=0.000
  ✓ cloudy：河层始终可有声（河一直在那里）  —— target=0.048
  ✓ cloudy：风层始终留一点底噪  —— target=0.118
   rain    target 河=0.048 雨=0.252 风=0.111 夜=0.000  |  applied 河=0.024 雨=0.039 风=0.048 夜=0.000  | 距河 29.7m 急缓 0.30
  ✓ rain：雨层应当出声  —— target=0.252 applied=0.039 playing=true
  ✓ rain：夜层必须完全静音  —— target=0.000 applied=0.000
  ✓ rain：河层始终可有声（河一直在那里）  —— target=0.048
  ✓ rain：风层始终留一点底噪  —— target=0.111
   night   target 河=0.043 雨=0.000 风=0.095 夜=0.220  |  applied 河=0.022 雨=0.000 风=0.049 夜=0.115  | 距河 29.7m 急缓 0.30
  ✓ night：雨层必须完全静音  —— target=0.000 applied=0.000 playing=false
  ✓ night：夜层应当出声  —— target=0.220 applied=0.115
  ✓ night：河层始终可有声（河一直在那里）  —— target=0.043
  ✓ night：风层始终留一点底噪  —— target=0.095
  ✓ 四档天气下雨层从没在非雨天出过声

【4/6】切换是连续淡入淡出，不是突切
   雨层音量 0 → 0.262（37 个采样点，单步最大跳变 0.031）
  ✓ 切入雨天时雨层音量连续爬升（没有一步到位）  —— max=0.262 maxStep=0.031 monotone=true
     0.000 0.003 0.009 0.018 0.027 0.035 0.038 0.052 0.077 0.098 0.113 0.122 0.122 0.122 0.138 0.169 0.188 0.203 0.213 0.221 0.228 0.236 0.236 0.246 0.246 0.246 0.254 0.254 0.254 0.254 0.254 0.262 0.262 0.262 0.262 0.262 0.262
   切回晴天：雨层 level=0 applied=0 playing=false activeVariants=0
  ✓ 切回晴天后雨层真的停掉了（淡出并归还声部）

【5/6】事件音的三重闸门（"晴天的滴滴答答"）
   8s 内水花：播放 4 声（0.50 声/秒），被闸门拦下 17 声 · 事件音总览 {"splash":38,"ui":7}
  ✓ 水花播放速率被闸门压住（旧版实测 2.95 声/秒 = 雨声听感）  —— 0.50 声/秒
  ✓ 闸门确实在拦（不是恰好没有事件）  —— dropped +17
   按住 W 4s：脚步音 10 声
  ✓ 角色移动会触发出脚步声（玩法事件音通道接通）  —— 10 声

【6/6】响度阶梯与空间衰减（"别像瀑布"）
     (24,0) 距离 9.0m target 0.177 out 0.0565
     (30,0) 距离 3.8m target 0.261 out 0.0900
     (0,0) 距离 29.7m target 0.048 out 0.0231
     (-40,0) 距离 67.0m target 0.020 out 0.0042
     (70,0) 距离 34.2m target 0.055 out 0.0082

✗ 连接 7008 超时（App 没在跑？）
