==> 已就绪：weather=clear frame=2455

=== 截图结果 ===
  clear    |  切档 ✓  |  帧前进 ✓  |  截图 1 张 (2330KB)
  cloudy   |  切档 ✓  |  帧前进 ✓  |  截图 1 张 (2321KB)
  rain     |  切档 ✓  |  帧前进 ✓  |  截图 1 张 (2152KB)
  night    |  切档 ✓  |  帧前进 ✓  |  截图 1 张 (1176KB)
✓ 截图验收通过（就绪 / 切档 / 帧前进 / 截图非空）。

=== build/p0-e2e/sky-fixed/clear.png 1600x1200 bd=16 ct=6 ===
全图    均值168.5  暗(<32)0.01%  近黑(<8)0.00%  高亮(>170)58.32%
天空带(y<30%)  均值195.7  近黑0.00%
行带均值(每5%)  184 189 195 199 202 205 207 199 183 165 155 154 158 141 147 144 143 138 133 127 
云结构  起伏σ8.2  亮云0.00%  暗云0.00%  总对比0.00%  最大亮团0px(0.00%)
  逐条带亮云%  0.0 0.0 0.0 0.0 0.0 0.0 0.0 0.0 

=== build/p0-e2e/sky-fixed/cloudy.png 1600x1200 bd=16 ct=6 ===
全图    均值144.2  暗(<32)0.04%  近黑(<8)0.00%  高亮(>170)30.56%
天空带(y<30%)  均值175.7  近黑0.00%
行带均值(每5%)  162 167 177 181 185 182 176 166 158 145 131 128 128 116 122 119 116 113 109 105 
云结构  起伏σ15.2  亮云1.33%  暗云5.32%  总对比6.65%  最大亮团2777px(0.48%)
  逐条带亮云%  3.1 2.4 2.4 0.0 1.7 0.0 0.0 1.1 

=== build/p0-e2e/sky-fixed/rain.png 1600x1200 bd=16 ct=6 ===
全图    均值104.0  暗(<32)0.11%  近黑(<8)0.00%  高亮(>170)0.11%
天空带(y<30%)  均值133.5  近黑0.00%
行带均值(每5%)  120 125 134 141 148 133 119 114 122 120 101 97 91 81 81 77 72 71 69 65 
云结构  起伏σ21.6  亮云3.77%  暗云24.79%  总对比28.56%  最大亮团19482px(3.38%)
  逐条带亮云%  0.0 0.0 0.0 0.0 0.0 0.0 0.0 30.1 

=== build/p0-e2e/sky-fixed/night.png 1600x1200 bd=16 ct=6 ===
全图    均值25.9  暗(<32)71.27%  近黑(<8)2.58%  高亮(>170)0.02%
天空带(y<30%)  均值15.6  近黑2.28%
行带均值(每5%)  12 12 15 18 19 19 20 22 24 38 36 38 36 32 33 32 30 28 28 28 
云结构  起伏σ8.1  亮云0.24%  暗云0.00%  总对比0.24%  最大亮团149px(0.03%)
  逐条带亮云%  0.3 0.2 0.1 0.0 0.2 0.2 0.6 0.3 
