
=== docs/verification/e2e-foreground-rerun/screenshots/clear.png 1600x1200 bd=16 ct=6 ===
全图    均值169.2  暗(<32)0.01%  近黑(<8)0.00%  高亮(>170)58.47%
天空带(y<30%)  均值197.8  近黑0.00%
行带均值(每5%)  188 192 197 201 204 205 207 198 183 167 155 152 158 141 148 146 142 139 132 128 
云结构  起伏σ8.5  亮云0.00%  暗云0.00%  总对比0.00%  最大亮团0px(0.00%)
  逐条带亮云%  0.0 0.0 0.0 0.0 0.0 0.0 0.0 0.0 
  ASCII 天空带（高通：减逐行中位数） 量程 -15..18
  %%%@@@@@@@@@@%%%##############%%%%@@%%%%%%%****#+====================================--------------:::::::::::::::-------------- 24.0°
  @%%%%%%@@@@@@%%%##*******#######%%%%%%%%%%%#***#=====================================-------------:::::::::::::::::::::::::::::: 23.3°
  %%%%%%%%%%%%%%####*++********####%%%%%#%%%%#***+=====================================------------::::::::::::::::::::::::::::::: 22.6°
  %%%%%%%%%%%%%###*##*+++++******######%##%%%%#**======================================------------::::::::::::::::::::::::::::::: 21.9°
  ##########%###*******+++++++****#########%%%*+=======================================----------------::::::::::................. 21.2°
  ##############******+*+++++++******##*####%%+=========================================---------------::::::::................... 20.5°
  *******#######**++**++*++++++++********####+==========================================--------------:::::::::................::: 19.9°
  ***********#####***++++*+++++++***********+=============================================--====------:::::::::................... 19.2°
  +++++++*******###**+++++++++++****+++++++========================================================---::::::::.................... 18.5°
  +++++++++*****#####*++++++====+++++++===========================================================------:::::::...:::............. 17.8°
  =====+++++****####%###*****+***********++========================================================------::::::::::::........      17.1°
  =======++++***####%%%%#######*********###**+======================================================------------:::::.......       16.4°
  ---====++++****####%%%%############**#######**++==================================================-----===----:::::......        15.7°
  ---=====++++***####%%%%%#############***###******+=================================================-======----:::::......        15.0°
  ----====+++*****###%%%%%%#######%%%%%##**###*****+++=======================================================----:::::......       14.3°
  -----====++++***######%#%########%%%%%%##********+++++===================================================-----::::::.....        13.6°
  :-----====+++****########%#############%%##******++++++=================================================-------:::::......       12.9°
  :::----===++++****##########################******++++++================================================-------::::::......      12.2°
  :::-----===++++*******#######################***+*++++++===============================================---------::::::......     11.5°
  ::::----====+++**++*****##***********##**###****+++++++++==================================================------::::::.....     10.9°
  ..::::----===+++++++***************************++++===++===================================================-------:::::......    10.2°
  ...::::------===+++++***+**********************+++==========================================================-------:::::......   9.5°
  .....:::-----===++++++++++++++++++++++******+++++=============================================================------::::::.....  8.8°
  .....::::----========+++++++++++++++++++++++++++==============================================================-------:::::.....  8.1°
  .....:::::-----=======++++++++===+++++++++++++++================================================================------:::::..... 7.4°
  ....:::::------==================================================================================================-----::::::.... 6.7°

=== docs/verification/e2e-foreground-rerun/screenshots/cloudy.png 1600x1200 bd=16 ct=6 ===
全图    均值145.8  暗(<32)0.02%  近黑(<8)0.00%  高亮(>170)32.63%
天空带(y<30%)  均值181.5  近黑0.00%
行带均值(每5%)  169 172 181 186 192 188 176 166 158 145 132 129 128 116 121 117 114 113 109 103 
云结构  起伏σ16.9  亮云4.56%  暗云9.15%  总对比13.71%  最大亮团20242px(3.51%)
  逐条带亮云%  4.6 5.8 8.3 15.3 2.5 0.0 0.0 0.0 
  ASCII 天空带（高通：减逐行中位数） 量程 -41..31
  ####%%%%%%%%%%%%%%%%%%%%%%%%%%%%%%%%%%%%%%%%%#####*:::::-------------:::::::::::::::::::::::::::::-=========++++++*****+++++++++ 24.0°
  #%%%%%%%%%%%%%%%%%%%%%%%%%%%%%%%%%%%%%%%%%@@@%####*-------------------------------------:::::::::-========++*****+++++++++++++++ 23.3°
  #############%%%%%%%%%%%%%%%%%%%%%%%%%%%%%%@@%####-------------------------------------:::::::::::-=====+*******++++++++++++++++ 22.6°
  #############%%%%%%%%%%%%%%%%%%%#%%%%%%%%%%%@@%##=-------------------------------------------::::--=+*********+++++++++++++++*** 21.9°
  ##############%%%%%%%%%%%%%%%%%####%%%%%%%%%%@%#=---------------------------------------------:-=++**+****+++++++=====++++++++++ 21.2°
  ############%%%%%%%%%%%@%%%%%%%###%%%%%%%%%%@@%=-------===-------------------------------------=***++***++++++++======++++++++++ 20.5°
  ###########%%%%%%%%%%%@@@@@@%%#####%%%%%%%%@@%=-------====+=--------------------------------=+++++++***+++++++======++*+++++**** 19.9°
  ###########%%%%%%%%%%@@@@@@@%#####%%%%%%%%%%%+===========+++=====================----------++****++++++++++========+++++******** 19.2°
  ******###########%%%%%%%%@@@@##############*---=+*******++====-=--------------------------=++***++++++=============+++++++++++++ 18.5°
  **********########%%%%%@@@@@@@@%@@@@%%#*=--====***********##***++-------------------------==+++++++++++====+=====+***++++++++=== 17.8°
  +************######%%%%%@@@@@@@@@@@@@@@@@#*+===++++++****######**+==---------------------:--=+=======++++===+++++++++++++======= 17.1°
  ++++*********######%%%%%%%@@@@@@@@@@@@@@@@@@%#*++++++++**********=======-------------:::::::-======+++++**+***+++++++=========== 16.4°
  ++++++********########%%%%%%%%@@@@@@@@@@@@@@@@@%#*===++++++++++++====--------::::::::::::::::-=-=+******###******+========------ 15.7°
  ++++++++++********#######%%%%%%%%%%%%%%%%%%%%%%%%%%+==============--:::::----::::::::::::::::-+***************++++++=----------- 15.0°
  ===+++++++++*******########%%%%%%%%%%%%%%%%%%%%%%%%##*=----------:::::::::::::::::::::::::-++++++***********++++++++++---::::::: 14.3°
  ==++++++++++********########%%%%%%%%%%%%%%%%%%%%%%%###*+-:::::::::::::::::::::::::::::::=++++++++********+++++++++++===-:::::::: 13.6°
  +++++++++++*********########%%%%%%%%%%%%%%%%%%%%%%%####**-::::::::::::::::::::::::::::-++++++++++******+++++++++++=====-:::::::: 12.9°
  ===++++++++++********#######%%%#%%%%%%%%%%%%%%%%%%#####*++:::::::::::::::::---=====++******++++*********++++++=========-:::::... 12.2°
  ===========++++++++*******#########################*****++=............:-===+++++*************++*******+++====---------:......   11.5°
  -----===========++++++*******************************+++===..........--==+++++++++++***************+++++++++==--------:.         10.9°
  ---==========++++++*********************************++++==-........:=++++++++++++++********************++++++===-----:.....      10.2°
  ----=======+++++++++*******************************+++++=-........:+++++++++++++++*****************++++++++++++===---.           9.5°
  ----=======++++++++*******************************+++++=:........:+++++++++++++++++****************++++++++++++===-:.....        8.8°
  ::---=======++++++++****************************+++++=:::::::::::=+++++++++++++++++***************+++++++++++++===-.........     8.1°
  ....:::--====++++++++++*************************+*+=:::::::::::::=++++++++++++++++*************************++++===-::::......... 7.4°
  :::::::::::---====+++++++**********************++=----------------=++++**+++++******************************+++++=-::::::::::::: 6.7°

=== docs/verification/e2e-foreground-rerun/screenshots/night.png 1600x1200 bd=16 ct=6 ===
全图    均值27.7  暗(<32)64.79%  近黑(<8)2.38%  高亮(>170)0.01%
天空带(y<30%)  均值21.2  近黑1.67%
行带均值(每5%)  20 21 21 23 22 20 20 22 23 39 37 39 36 32 33 32 29 28 28 28 
云结构  起伏σ12.7  亮云14.44%  暗云0.00%  总对比14.44%  最大亮团81996px(14.24%)
  逐条带亮云%  30.4 25.0 24.6 20.1 11.8 2.8 0.6 0.3 
  ASCII 天空带（高通：减逐行中位数） 量程 -14..194
  ........::::::::::::::::::::..............:.......  ...                                                      :.                  24.0°
  :::::::::::::::::::::::::::::......................  ..                                                                          23.3°
  ::::::::::::::::::::::::::::.......................                                                                              22.6°
  ::::::::::::::::::::::::::::::......................                                                                             21.9°
  :::::::::::::::::::::::::::::::.....................                                                                             21.2°
  ::::::::::::::::::::::::::::-::....................                                                                              20.5°
  ::::::::::::::::::::::::::::-:.....................                                                                              19.9°
  ::::::::::::::::::::::::::::......................                                                                               19.2°
  .........:::::::::::::::::::.................                                                                              :     18.5°
  .................:::::::::::::...........                                                                                        17.8°
  ...................::::::::::::.......               .                                                                           17.1°
  .....................:::::::::::............                                                                                     16.4°
  ......................::::::::::::......                                                                                         15.7°
  ...........................::::::.........                                                                                       15.0°
  ..............................:::...........                                                            :                        14.3°
  ..............................................     ..                                                                            13.6°
  ..............................:.....:............                                                                                12.9°
   .................................................                                                                               12.2°
      ................................................                                                                             11.5°
          ..................................:..........-                                    .                                      10.9°
            ............................................        .                         .                                        10.2°
                .-.......................:..............                                                                           9.5°
                   .....................................                                                    .     -                8.8°
                           ............................                                                     .                      8.1°
                             .   ...................                                        :                                      7.4°
                                            ..                  .                           .                                      6.7°

=== docs/verification/e2e-foreground-rerun/screenshots/rain.png 1600x1200 bd=16 ct=6 ===
全图    均值105.4  暗(<32)0.18%  近黑(<8)0.00%  高亮(>170)0.15%
天空带(y<30%)  均值138.0  近黑0.00%
行带均值(每5%)  124 127 135 142 152 148 120 114 122 120 101 97 91 81 81 76 71 71 68 67 
云结构  起伏σ22.7  亮云1.41%  暗云24.84%  总对比26.25%  最大亮团8099px(1.41%)
  逐条带亮云%  0.0 0.0 1.4 9.8 0.0 0.0 0.0 0.0 
  ASCII 天空带（高通：减逐行中位数） 量程 -59..32
  ####***************################%%#########%#***##::::::::::::::::::::::::::::::::::::::.......:-++=************************* 24.0°
  #*****************#################%###########%***#*:::::::::::::::::::::::::::::::::::::::::::.:.-=+************************** 23.3°
  ******************################%%##########%%#**#=:::::::::::::::::::::::::::::::::::::::::::::::=*#************************* 22.6°
  *****************################%%###########%%%##+:::::::::::::::::::::::::::::::::::::::::::::::=*#************************** 21.9°
  ***************#################%%%############%%#+::::::::::::::::::::::::::::::::::::::::::::::-+###************************** 21.2°
  *************##################%%%#############%#+::::::=+=-::::::::::::::::::::::::::::::::::::==*##*************************** 20.5°
  #********#####################%%%%############%%+::::::-===+=:::::::::::::::::::::::::::::::::===*###*************************** 19.9°
  ********#####################%%%%#############%+:::::::-======::::::::::::::::::::::::::::::-==++###**************************** 19.2°
  ***************##############%%%%#############=:-=+++++++++====---:::::::::::::::::::::::::-====*##***************************** 18.5°
  ***************############%%%%@@%%%%%%%%*=====+++**************++=::::::::::::::::::::::::-====##****************************** 17.8°
  ***************##########%%%%%%%@@@@@@@@@@@%#*+==++++++************++==--::::::::::::::::::::-=+##****************************** 17.1°
  ****************#######%%%%%%%%%%%@@@@@@@@@@@@@@%#*====+++++++++**++++++++=--:::::::::::::::::-+********#############**********+ 16.4°
  ****************############%%%%%%%%%%%%%%%%%%%@@@@%*=---==-====+++====-======:::::::::::::::::=****##%%%%#############***++++++ 15.7°
  ++++++++++*************#############%%%%%%%%%%%%%%%%%%+::::::::----:::::::::---................-*#############*************+++++ 15.0°
  +++++++++++**************#############%#########%%%%%%%#=......::::......::..:...............-*#############****************+=== 14.3°
  ++++++++++*****************############################%%*:......:.........................-##############******************+=== 13.6°
  +++++++++++******************#############################*-...........................:::+#############*********************+== 12.9°
  ++++++++++++++++***************############################=:.................-=++*############************************++++++=== 12.2°
  +++++++++++++++++++***********#####*###*******#############+=.    .  .    :=*#############***************************+++++++==== 11.5°
  +++++++++++++++++++**********#####*********************####*=:         .-*########**********************************+++++++===== 10.9°
  ++++++++++++++++++*************###**************************-         .*#******************************************+++++++=::--: 10.2°
  +++++++++++++**********************************************=..       .**********************************************+++++=       9.5°
  -+++++++++++**********************************************+.         =***********************************************+++.        8.8°
    .-=++++************************************************:          .=*************************************************=         8.1°
        .::--==+*****************************************-            .-=***********************************************+.         7.4°
                .:-=+********************************=-:               .::-=*******************************************=.          6.7°
